0 verbose cli C:\Program Files\nodejs\node.exe C:\Program Files\nodejs\node_modules\npm\bin\npm-cli.js
1 info using npm@10.9.3
2 info using node@v22.19.0
3 silly config load:file:C:\Program Files\nodejs\node_modules\npm\npmrc
4 silly config load:file:D:\Projects\kalam-e-raza\.npmrc
5 silly config load:file:C:\Users\MD SAHIL HASNAIN\.npmrc
6 silly config load:file:C:\Users\MD SAHIL HASNAIN\AppData\Roaming\npm\etc\npmrc
7 verbose title npm exec github:sahilhasnain/android-ci --help
8 verbose argv "exec" "--cache" ".npx-cache" "--yes" "--" "github:sahilhasnain/android-ci" "--help"
9 verbose logfile logs-max:10 dir:D:\Projects\kalam-e-raza\.npx-cache\_logs\2026-07-28T15_53_35_972Z-
10 verbose logfile D:\Projects\kalam-e-raza\.npx-cache\_logs\2026-07-28T15_53_35_972Z-debug-0.log
11 silly logfile done cleaning log files
12 silly packumentCache heap:4345298944 maxSize:1086324736 maxEntrySize:543162368
13 http fetch GET 200 https://registry.npmjs.org/npm 755ms
14 silly packumentCache heap:4345298944 maxSize:1086324736 maxEntrySize:543162368
15 silly packumentCache heap:4345298944 maxSize:1086324736 maxEntrySize:543162368
16 silly idealTree buildDeps
17 silly fetch manifest @sahilhasnain/android-ci@github:sahilhasnain/android-ci
18 silly placeDep ROOT @sahilhasnain/android-ci@0.1.0 OK for:  want: github:sahilhasnain/android-ci
19 silly fetch manifest dotenv@^8.2.0
20 silly packumentCache full:https://registry.npmjs.org/dotenv cache-miss
21 silly fetch manifest kleur@^4.1.5
22 silly packumentCache full:https://registry.npmjs.org/kleur cache-miss
23 silly fetch manifest node-fetch@^3.3.2
24 silly packumentCache full:https://registry.npmjs.org/node-fetch cache-miss
25 http fetch GET 200 https://registry.npmjs.org/dotenv 126ms (cache miss)
26 silly packumentCache full:https://registry.npmjs.org/dotenv set size:undefined disposed:false
27 http fetch GET 200 https://registry.npmjs.org/kleur 326ms (cache miss)
28 silly packumentCache full:https://registry.npmjs.org/kleur set size:undefined disposed:false
29 http fetch GET 200 https://registry.npmjs.org/node-fetch 409ms (cache miss)
30 silly packumentCache full:https://registry.npmjs.org/node-fetch set size:undefined disposed:false
31 silly placeDep ROOT dotenv@8.6.0 OK for: @sahilhasnain/android-ci@0.1.0 want: ^8.2.0
32 silly placeDep ROOT kleur@4.1.5 OK for: @sahilhasnain/android-ci@0.1.0 want: ^4.1.5
33 silly placeDep ROOT node-fetch@3.3.2 OK for: @sahilhasnain/android-ci@0.1.0 want: ^3.3.2
34 silly fetch manifest data-uri-to-buffer@^4.0.0
35 silly packumentCache full:https://registry.npmjs.org/data-uri-to-buffer cache-miss
36 silly fetch manifest fetch-blob@^3.1.4
37 silly packumentCache full:https://registry.npmjs.org/fetch-blob cache-miss
38 silly fetch manifest formdata-polyfill@^4.0.10
39 silly packumentCache full:https://registry.npmjs.org/formdata-polyfill cache-miss
40 http fetch GET 200 https://registry.npmjs.org/data-uri-to-buffer 328ms (cache miss)
41 silly packumentCache full:https://registry.npmjs.org/data-uri-to-buffer set size:undefined disposed:false
42 http fetch GET 200 https://registry.npmjs.org/formdata-polyfill 334ms (cache miss)
43 silly packumentCache full:https://registry.npmjs.org/formdata-polyfill set size:undefined disposed:false
44 http fetch GET 200 https://registry.npmjs.org/fetch-blob 347ms (cache miss)
45 silly packumentCache full:https://registry.npmjs.org/fetch-blob set size:undefined disposed:false
46 silly placeDep ROOT data-uri-to-buffer@4.0.1 OK for: node-fetch@3.3.2 want: ^4.0.0
47 silly placeDep ROOT fetch-blob@3.2.0 OK for: node-fetch@3.3.2 want: ^3.1.4
48 silly placeDep ROOT formdata-polyfill@4.0.10 OK for: node-fetch@3.3.2 want: ^4.0.10
49 silly fetch manifest node-domexception@^1.0.0
50 silly packumentCache full:https://registry.npmjs.org/node-domexception cache-miss
51 silly fetch manifest web-streams-polyfill@^3.0.3
52 silly packumentCache full:https://registry.npmjs.org/web-streams-polyfill cache-miss
53 http fetch GET 200 https://registry.npmjs.org/node-domexception 84ms (cache miss)
54 silly packumentCache full:https://registry.npmjs.org/node-domexception set size:undefined disposed:false
55 http fetch GET 200 https://registry.npmjs.org/web-streams-polyfill 101ms (cache miss)
56 silly packumentCache full:https://registry.npmjs.org/web-streams-polyfill set size:undefined disposed:false
57 silly placeDep ROOT node-domexception@1.0.0 OK for: fetch-blob@3.2.0 want: ^1.0.0
58 silly placeDep ROOT web-streams-polyfill@3.3.3 OK for: fetch-blob@3.2.0 want: ^3.0.3
59 silly reify moves {}
60 silly audit bulk request {
60 silly audit   '@sahilhasnain/android-ci': [ '0.1.0' ],
60 silly audit   dotenv: [ '8.6.0' ],
60 silly audit   kleur: [ '4.1.5' ],
60 silly audit   'node-fetch': [ '3.3.2' ],
60 silly audit   'data-uri-to-buffer': [ '4.0.1' ],
60 silly audit   'fetch-blob': [ '3.2.0' ],
60 silly audit   'formdata-polyfill': [ '4.0.10' ],
60 silly audit   'node-domexception': [ '1.0.0' ],
60 silly audit   'web-streams-polyfill': [ '3.3.3' ]
60 silly audit }
61 http cache web-streams-polyfill@https://registry.npmjs.org/web-streams-polyfill/-/web-streams-polyfill-3.3.3.tgz 0ms (cache hit)
62 http cache formdata-polyfill@https://registry.npmjs.org/formdata-polyfill/-/formdata-polyfill-4.0.10.tgz 0ms (cache hit)
63 http cache data-uri-to-buffer@https://registry.npmjs.org/data-uri-to-buffer/-/data-uri-to-buffer-4.0.1.tgz 0ms (cache hit)
64 http cache node-fetch@https://registry.npmjs.org/node-fetch/-/node-fetch-3.3.2.tgz 0ms (cache hit)
65 http cache fetch-blob@https://registry.npmjs.org/fetch-blob/-/fetch-blob-3.2.0.tgz 0ms (cache hit)
66 http cache kleur@https://registry.npmjs.org/kleur/-/kleur-4.1.5.tgz 0ms (cache hit)
67 http cache node-domexception@https://registry.npmjs.org/node-domexception/-/node-domexception-1.0.0.tgz 0ms (cache hit)
68 http cache dotenv@https://registry.npmjs.org/dotenv/-/dotenv-8.6.0.tgz 0ms (cache hit)
69 silly tarball no local data for web-streams-polyfill@https://registry.npmjs.org/web-streams-polyfill/-/web-streams-polyfill-3.3.3.tgz. Extracting by manifest.
70 silly tarball no local data for formdata-polyfill@https://registry.npmjs.org/formdata-polyfill/-/formdata-polyfill-4.0.10.tgz. Extracting by manifest.
71 silly tarball no local data for data-uri-to-buffer@https://registry.npmjs.org/data-uri-to-buffer/-/data-uri-to-buffer-4.0.1.tgz. Extracting by manifest.
72 silly tarball no local data for node-fetch@https://registry.npmjs.org/node-fetch/-/node-fetch-3.3.2.tgz. Extracting by manifest.
73 silly tarball no local data for fetch-blob@https://registry.npmjs.org/fetch-blob/-/fetch-blob-3.2.0.tgz. Extracting by manifest.
74 silly tarball no local data for kleur@https://registry.npmjs.org/kleur/-/kleur-4.1.5.tgz. Extracting by manifest.
75 silly tarball no local data for node-domexception@https://registry.npmjs.org/node-domexception/-/node-domexception-1.0.0.tgz. Extracting by manifest.
76 silly tarball no local data for dotenv@https://registry.npmjs.org/dotenv/-/dotenv-8.6.0.tgz. Extracting by manifest.
77 http fetch GET 200 https://registry.npmjs.org/formdata-polyfill/-/formdata-polyfill-4.0.10.tgz 138ms (cache miss)
78 http fetch POST 200 https://registry.npmjs.org/-/npm/v1/security/advisories/bulk 357ms
79 silly audit report {}
80 http fetch GET 200 https://registry.npmjs.org/data-uri-to-buffer/-/data-uri-to-buffer-4.0.1.tgz 368ms (cache miss)
81 http fetch GET 200 https://registry.npmjs.org/kleur/-/kleur-4.1.5.tgz 416ms (cache miss)
82 http fetch GET 200 https://registry.npmjs.org/fetch-blob/-/fetch-blob-3.2.0.tgz 433ms (cache miss)
83 http fetch GET 200 https://registry.npmjs.org/node-fetch/-/node-fetch-3.3.2.tgz 466ms (cache miss)
84 http fetch GET 200 https://registry.npmjs.org/dotenv/-/dotenv-8.6.0.tgz 459ms (cache miss)
85 http fetch GET 200 https://registry.npmjs.org/node-domexception/-/node-domexception-1.0.0.tgz 474ms (cache miss)
86 warn deprecated node-domexception@1.0.0: Use your platform's native DOMException instead
87 http fetch GET 200 https://registry.npmjs.org/web-streams-polyfill/-/web-streams-polyfill-3.3.3.tgz 640ms (cache miss)
88 http fetch GET 200 https://codeload.github.com/sahilhasnain/android-ci/tar.gz/bfa721f66dd9949f5b1c9411ef13dacdb7868fca 808ms (cache miss)
89 silly unfinished npm timer reify 1785254023861
90 silly unfinished npm timer reify:unpack 1785254029876
91 silly unfinished npm timer reifyNode:node_modules/@sahilhasnain/android-ci 1785254029877
92 verbose cwd D:\Projects\kalam-e-raza
93 verbose os Windows_NT 10.0.26200
94 verbose node v22.19.0
95 verbose npm  v10.9.3
96 notice
96 notice New major version of npm available! 10.9.3 -> 12.0.1
96 notice Changelog: https://github.com/npm/cli/releases/tag/v12.0.1
96 notice To update run: npm install -g npm@12.0.1
96 notice  { force: true, [Symbol(proc-log.meta)]: true }
97 verbose exit 2
98 verbose code 2
